node.exe : ÔÇó turbo 2.9.6
At line:1 char:1
+ & "C:\Program Files\nodejs/node.exe" "C:\Program Files\nodejs/node_mo ...
+ ~~~~~~~~~~~~~~~~~~~~~~~~~~~~~~~~~~~~~~~~~~~~~~~~~~~~~~~~~~~~~~~~~~~~~
    + CategoryInfo          : NotSpecified: (ÔÇó turbo 2.9.6:String) [], RemoteException
    + FullyQualifiedErrorId : NativeCommandError
 

   ÔÇó Packages in scope: @repo/eslint-config, @repo/typescript-config, @repo/ui, @stashinn/admin, @stashinn/customer, @stashinn/lib, @stashinn/partner
   ÔÇó Running build in 7 packages
   ÔÇó Remote caching disabled

@stashinn/customer:build: cache miss, executing 2f3db7ac6cd45689
@stashinn/admin:build: cache miss, executing ca87e73854f6b0fc
@stashinn/partner:build: cache miss, executing 9f654c8aee26ce1d
@stashinn/customer:build: 
@stashinn/customer:build: > @stashinn/customer@0.1.0 build
@stashinn/customer:build: > next build
@stashinn/customer:build: 
@stashinn/partner:build: 
@stashinn/partner:build: > @stashinn/partner@0.1.0 build
@stashinn/partner:build: > next build
@stashinn/partner:build: 
@stashinn/admin:build: 
@stashinn/admin:build: > @stashinn/admin@0.1.0 build
@stashinn/admin:build: > next build
@stashinn/admin:build: 
@stashinn/partner:build: Ôû▓ Next.js 16.2.0 (Turbopack)
@stashinn/partner:build: 
@stashinn/partner:build: ÔÜá The "middleware" file convention is deprecated. Please use "proxy" instead. Learn more: https://nextjs.org/docs/messages/middleware-to-proxy
@stashinn/customer:build: Ôû▓ Next.js 16.2.0 (Turbopack)
@stashinn/customer:build: 
@stashinn/customer:build: ÔÜá The "middleware" file convention is deprecated. Please use "proxy" instead. Learn more: https://nextjs.org/docs/messages/middleware-to-proxy
@stashinn/admin:build: Ôû▓ Next.js 16.2.0 (Turbopack)
@stashinn/admin:build: 
@stashinn/admin:build: ÔÜá The "middleware" file convention is deprecated. Please use "proxy" instead. Learn more: https://nextjs.org/docs/messages/middleware-to-proxy
@stashinn/partner:build:   Creating an optimized production build ...
@stashinn/customer:build:   Creating an optimized production build ...
@stashinn/admin:build:   Creating an optimized production build ...
@stashinn/customer:build: Ô£ô Compiled successfully in 4.3s
@stashinn/partner:build: Ô£ô Compiled successfully in 4.3s
@stashinn/customer:build:   Running TypeScript ...
@stashinn/partner:build:   Running TypeScript ...
@stashinn/admin:build: Ô£ô Compiled successfully in 4.5s
@stashinn/admin:build:   Running TypeScript ...
@stashinn/partner:build: Failed to type check.
@stashinn/partner:build: 
@stashinn/partner:build: ./middleware.ts:4:23
@stashinn/partner:build: Type error: The inferred type of 'middleware' cannot be named without a reference to '@stashinn/lib/node_modules/next/server'. This is likely not portable. A type annotation is necessary.
@stashinn/partner:build: 
@stashinn/partner:build:   [90m2 |[0m [36mimport[0m { updateSession } [36mfrom[0m [32m'@stashinn/lib/supabase/middleware'[0m;
@stashinn/partner:build:   [90m3 |[0m
@stashinn/partner:build: [31m[1m>[0m [90m4 |[0m [36mexport[0m [36masync[0m [36mfunction[0m middleware(request: [33mNextRequest[0m) {
@stashinn/partner:build:   [90m  |[0m                       [31m[1m^[0m
@stashinn/partner:build:   [90m5 |[0m   [36mconst[0m { supabase, supabaseResponse } = [36mawait[0m updateSession(request);
@stashinn/partner:build:   [90m6 |[0m   [36mconst[0m path = request.nextUrl.pathname;
@stashinn/partner:build:   [90m7 |[0m   [36mconst[0m isPublicRoute = path === [32m'/login'[0m || path === [32m'/register'[0m || path === [32m'/'[0m;
@stashinn/partner:build: Next.js build worker exited with code: 1 and signal: null
@stashinn/admin:build: Failed to type check.
@stashinn/admin:build: 
@stashinn/admin:build: ./middleware.ts:4:23
@stashinn/admin:build: Type error: The inferred type of 'middleware' cannot be named without a reference to '@stashinn/lib/node_modules/next/server'. This is likely not portable. A type annotation is necessary.
@stashinn/admin:build: 
@stashinn/admin:build:   [90m2 |[0m [36mimport[0m { updateSession } [36mfrom[0m [32m'@stashinn/lib/supabase/middleware'[0m;
@stashinn/admin:build:   [90m3 |[0m
@stashinn/admin:build: [31m[1m>[0m [90m4 |[0m [36mexport[0m [36masync[0m [36mfunction[0m middleware(request: [33mNextRequest[0m) {
@stashinn/admin:build:   [90m  |[0m                       [31m[1m^[0m
@stashinn/admin:build:   [90m5 |[0m   [36mconst[0m { supabase, supabaseResponse } = [36mawait[0m updateSession(request);
@stashinn/admin:build:   [90m6 |[0m   [36mconst[0m path = request.nextUrl.pathname;
@stashinn/admin:build:   [90m7 |[0m   [36mconst[0m isPublicRoute = path === [32m'/login'[0m || path === [32m'/'[0m;
@stashinn/customer:build: Failed to type check.
@stashinn/customer:build: 
@stashinn/customer:build: ./middleware.ts:4:23
@stashinn/customer:build: Type error: The inferred type of 'middleware' cannot be named without a reference to '@stashinn/lib/node_modules/next/server'. This is likely not portable. A type annotation is necessary.
@stashinn/customer:build: 
@stashinn/customer:build:   [90m2 |[0m [36mimport[0m { updateSession } [36mfrom[0m [32m'@stashinn/lib/supabase/middleware'[0m;
@stashinn/customer:build:   [90m3 |[0m
@stashinn/customer:build: [31m[1m>[0m [90m4 |[0m [36mexport[0m [36masync[0m [36mfunction[0m middleware(request: [33mNextRequest[0m) {
@stashinn/customer:build:   [90m  |[0m                       [31m[1m^[0m
@stashinn/customer:build:   [90m5 |[0m   [90m// Update the session using the shared supabase setup[0m
@stashinn/customer:build:   [90m6 |[0m   [36mconst[0m { supabase, supabaseResponse } = [36mawait[0m updateSession(request);
@stashinn/customer:build:   [90m7 |[0m   
@stashinn/admin:build: Next.js build worker exited with code: 1 and signal: null
@stashinn/partner:build: npm error Lifecycle script `build` failed with error:
@stashinn/partner:build: npm error code 1
@stashinn/partner:build: npm error path D:\stashinn\stashinn-portal\apps\partner
@stashinn/partner:build: npm error workspace @stashinn/partner@0.1.0
@stashinn/partner:build: npm error location D:\stashinn\stashinn-portal\apps\partner
@stashinn/partner:build: npm error command failed
@stashinn/partner:build: npm error command C:\WINDOWS\system32\cmd.exe /d /s /c next build
 ERROR  @stashinn/partner#build: command (D:\stashinn\stashinn-portal\apps\partner) C:\Program Files\nodejs\npm.cmd 
run build exited (1)

 Tasks:    0 successful, 3 total
Cached:    0 cached, 3 total
  Time:    9.554s 
Failed:    @stashinn/partner#build

 ERROR  run failed: command  exited (1)
